^DARCHIVE=/Users/schober/Projects/Nostr Writer/HWP-A-0.2.0 (1).zip
algorithm/.gitignore
algorithm/API.md
algorithm/DATASET_PROTOCOL.md
algorithm/FEATURES.md
algorithm/PUBLISHING.md
algorithm/README.md
algorithm/RESULTS.md
algorithm/SPECIFICATION.md
algorithm/TELEMETRY.md
algorithm/THEORY.md
algorithm/artifacts/calibration-request-empty.json
algorithm/artifacts/empty-calibration-result.json
algorithm/artifacts/feature-vector.json
algorithm/artifacts/fixture-model.json
algorithm/artifacts/gesture.trace.json
algorithm/artifacts/ime.trace.json
algorithm/artifacts/keyboard.trace.json
algorithm/artifacts/origin-vector.json
algorithm/artifacts/public-verdict.json
algorithm/artifacts/results.json
algorithm/artifacts/standalone-verdict.json
algorithm/artifacts/test-output.txt
algorithm/artifacts/timing-attack.json
algorithm/artifacts/touch-tap.trace.json
algorithm/assurance-contract.json
algorithm/build_metadata.py
algorithm/hwp_a/__init__.py
algorithm/hwp_a/__main__.py
algorithm/hwp_a/attacks.py
algorithm/hwp_a/calibration.py
algorithm/hwp_a/dataset.py
algorithm/hwp_a/features.py
algorithm/hwp_a/fixtures.py
algorithm/hwp_a/metrics.py
algorithm/hwp_a/model.py
algorithm/hwp_a/release.py
algorithm/hwp_a/replay.py
algorithm/hwp_a/verify.py
algorithm/requirements.txt
algorithm/run_experiments.py
algorithm/telemetry.schema.json
algorithm/tests/test_algorithm.py
algorithm/tests/test_statistics.py
PATH_AUDIT=PASS
DUPLICATES=NONE
SYMLINKS=NONE
ARCHIVE=/Users/schober/Projects/Nostr Writer/HWP-A-0.3.0 (1).zip
algorithm/README.md
algorithm/v0_3/API.md
algorithm/v0_3/AUDIT.md
algorithm/v0_3/DATASET_PROTOCOL.md
algorithm/v0_3/FEATURES.md
algorithm/v0_3/PUBLICATION.md
algorithm/v0_3/README.md
algorithm/v0_3/RESULTS.md
algorithm/v0_3/SOURCES.md
algorithm/v0_3/SPECIFICATION.md
algorithm/v0_3/TELEMETRY.md
algorithm/v0_3/THEORY.md
algorithm/v0_3/artifacts/baseline.json
algorithm/v0_3/artifacts/deterministic-vectors.json
algorithm/v0_3/artifacts/feature-vector.json
algorithm/v0_3/artifacts/reproduce_v02.py
algorithm/v0_3/artifacts/results.json
algorithm/v0_3/artifacts/telemetry-example.json
algorithm/v0_3/artifacts/test-output.txt
algorithm/v0_3/artifacts/v02-counterexamples.json
algorithm/v0_3/hwp_a/__init__.py
algorithm/v0_3/hwp_a/__main__.py
algorithm/v0_3/hwp_a/attacks.py
algorithm/v0_3/hwp_a/calibration.py
algorithm/v0_3/hwp_a/dataset.py
algorithm/v0_3/hwp_a/features.py
algorithm/v0_3/hwp_a/fixtures.py
algorithm/v0_3/hwp_a/ledger.py
algorithm/v0_3/hwp_a/metrics.py
algorithm/v0_3/hwp_a/model.py
algorithm/v0_3/hwp_a/release.py
algorithm/v0_3/hwp_a/replay.py
algorithm/v0_3/hwp_a/verify.py
algorithm/v0_3/requirements.txt
algorithm/v0_3/run_checks.py
algorithm/v0_3/telemetry.schema.json
algorithm/v0_3/tests/test_calibration.py
algorithm/v0_3/tests/test_revision.py
PATH_AUDIT=PASS
DUPLICATES=NONE
SYMLINKS=NONE
ARCHIVE=/Users/schober/Projects/Nostr Writer/Chat 5/Human-Writing-Protocol-v0.zip
protocol/v0/.gitignore
protocol/v0/FREEZE.json
protocol/v0/FREEZE.sha256
protocol/v0/LICENSE
protocol/v0/PUBLICATION.md
protocol/v0/README.md
protocol/v0/RESULTS.md
protocol/v0/SOURCES.md
protocol/v0/SPECIFICATION.md
protocol/v0/baseline/A03-DATASET_PROTOCOL.md
protocol/v0/baseline/A03-FEATURES.md
protocol/v0/baseline/A03-SPECIFICATION.md
protocol/v0/baseline/A03-TELEMETRY.md
protocol/v0/baseline/A03-THEORY.md
protocol/v0/baseline/C1-LICENSE
protocol/v0/baseline/C1-SPECIFICATION.md
protocol/v0/baseline/INPUTS.json
protocol/v0/baseline/reproduce_counterexamples.py
protocol/v0/baseline/reproduced-counterexamples.json
protocol/v0/docs/ALGORITHM.md
protocol/v0/docs/AUDIT.md
protocol/v0/docs/BINDING.md
protocol/v0/docs/CONFORMANCE.md
protocol/v0/docs/FEATURE_NAMES.json
protocol/v0/docs/OUTPUT.md
protocol/v0/docs/THREAT-MODEL.md
protocol/v0/hwp0/__init__.py
protocol/v0/hwp0/__main__.py
protocol/v0/hwp0/algorithm/__init__.py
protocol/v0/hwp0/algorithm/__main__.py
protocol/v0/hwp0/algorithm/attacks.py
protocol/v0/hwp0/algorithm/calibration.py
protocol/v0/hwp0/algorithm/dataset.py
protocol/v0/hwp0/algorithm/features.py
protocol/v0/hwp0/algorithm/fixtures.py
protocol/v0/hwp0/algorithm/ledger.py
protocol/v0/hwp0/algorithm/metrics.py
protocol/v0/hwp0/algorithm/model.py
protocol/v0/hwp0/algorithm/release.py
protocol/v0/hwp0/algorithm/replay.py
protocol/v0/hwp0/algorithm/verify.py
protocol/v0/hwp0/bridge.py
protocol/v0/hwp0/core.py
protocol/v0/hwp0/disclosure.py
protocol/v0/hwp0/protocol.py
protocol/v0/hwp0/rfc3161.py
protocol/v0/manifests/production-default.cbor.hex
protocol/v0/manifests/production-default.sha256
protocol/v0/manifests/program.cbor.hex
protocol/v0/manifests/protocol.cbor.hex
protocol/v0/requirements.txt
protocol/v0/run_checks.py
protocol/v0/schema.cddl
protocol/v0/telemetry.schema.json
protocol/v0/tests/__init__.py
protocol/v0/tests/support.py
protocol/v0/tests/test_algorithm.py
protocol/v0/tests/test_calibration.py
protocol/v0/tests/test_protocol.py
protocol/v0/tests/test_timestamp.py
protocol/v0/tools/build_manifests.py
protocol/v0/tools/check_freeze.py
protocol/v0/tools/check_interop.mjs
protocol/v0/tools/generate_vectors.py
protocol/v0/tools/verify_attested.mjs
protocol/v0/vectors/algorithm-feature-vector.json
protocol/v0/vectors/interchange.json
protocol/v0/vectors/results.json
protocol/v0/vectors/test-output.txt
PATH_AUDIT=PASS
DUPLICATES=NONE
SYMLINKS=NONE
