{
  "status": "synthetic mechanics only; no human detector evaluated",
  "python": "3.14.3",
  "cryptography": "46.0.4",
  "checks_passed": 33,
  "checks": [
    "framing separates labels",
    "framing separates argument boundaries",
    "canonical object order is stable",
    "duplicate JSON key rejected",
    "floating point JSON rejected",
    "oversized integer rejected",
    "lone Unicode surrogate rejected",
    "noncanonical whitespace rejected",
    "no silent Unicode normalization",
    "line ending change changes exact digest",
    "synthetic replay produces exact document",
    "empty Merkle tree uses RFC empty hash",
    "three-leaf tree has unambiguous shape",
    "changing leaf order changes root",
    "deleting a leaf changes root",
    "fresh salt changes commitment",
    "session identifier binds commitment",
    "different alleged causes with identical observations have identical roots",
    "complete range partition accepted mechanically",
    "range gap rejected",
    "range overlap rejected",
    "UTF-8 split rejected",
    "empty scope cannot pass vacuously",
    "Ed25519 signature verifies",
    "claim tampering invalidates signature",
    "algorithm substitution rejected",
    "signer role substitution rejected",
    "public-key substitution rejected",
    "valid signature does not validate altered document",
    "self-signed approval does not create externally approved policy",
    "zero-failure sample bound meets target",
    "one fewer sample fails target bound",
    "independent retry calculation"
  ],
  "zero_failure_trials_95pct_one_sided": {
    "0.01": 299,
    "0.001": 2995,
    "0.0001": 29956
  },
  "zero_failure_upper_bound_at_2995": 0.0009997444209011164,
  "twenty_family_bonferroni_trials_each_at_0_001": 5989,
  "independent_retry_success_p_0_001_q_1000": 0.6323045752290359,
  "approved_certification_profiles": [],
  "human_participant_sessions": 0,
  "trained_detectors": 0,
  "zk_proofs_generated": 0,
  "hardware_capture_paths_tested": 0
}
