Building for debugging...
[0/3] Write sources
[1/3] Write swift-version--58304C5D6DBC2206.txt
[3/5] Emitting module WriterStorage
[4/5] Compiling WriterStorage DocumentCatalog.swift
[4/6] Write Objects.LinkFileList
[5/6] Linking WriterStoragePackageTests
Build complete! (1.31s)
Test Suite 'Selected tests' started at 2026-09-18 00:18:13.060.
Test Suite 'WriterStoragePackageTests.xctest' started at 2026-09-18 00:18:13.061.
Test Suite 'DocumentCatalogTests' started at 2026-09-18 00:18:13.061.
Test Case '-[WriterStorageTests.DocumentCatalogTests testDuplicateLocationAndMalformedMetadataDoNotReplaceExistingRecord]' started.
Test Case '-[WriterStorageTests.DocumentCatalogTests testDuplicateLocationAndMalformedMetadataDoNotReplaceExistingRecord]' passed (0.018 seconds).
Test Case '-[WriterStorageTests.DocumentCatalogTests testLocationIdentityAndDerivationSurviveReopenWithoutIndexingBody]' started.
Test Case '-[WriterStorageTests.DocumentCatalogTests testLocationIdentityAndDerivationSurviveReopenWithoutIndexingBody]' passed (0.016 seconds).
Test Case '-[WriterStorageTests.DocumentCatalogTests testVersionOneRecoveryMigratesWithVerifiedBackup]' started.
Test Case '-[WriterStorageTests.DocumentCatalogTests testVersionOneRecoveryMigratesWithVerifiedBackup]' passed (0.025 seconds).
Test Suite 'DocumentCatalogTests' passed at 2026-09-18 00:18:13.119.
	 Executed 3 tests, with 0 failures (0 unexpected) in 0.058 (0.058) seconds
Test Suite 'WriterStoragePackageTests.xctest' passed at 2026-09-18 00:18:13.119.
	 Executed 3 tests, with 0 failures (0 unexpected) in 0.058 (0.058) seconds
Test Suite 'Selected tests' passed at 2026-09-18 00:18:13.119.
	 Executed 3 tests, with 0 failures (0 unexpected) in 0.058 (0.059) seconds
◇ Test run started.
↳ Testing Library Version: 1902
↳ Target Platform: arm64e-apple-macos14.0
✔ Test run with 0 tests in 0 suites passed after 0.001 seconds.
