Building for debugging...
[0/3] Write sources
[1/3] Write swift-version--58304C5D6DBC2206.txt
[3/5] Compiling WriterStorage LibraryFolders.swift
[4/5] Emitting module WriterStorage
[4/6] Write Objects.LinkFileList
[5/6] Linking WriterStoragePackageTests
Build complete! (1.09s)
Test Suite 'Selected tests' started at 2026-09-18 01:04:19.042.
Test Suite 'WriterStoragePackageTests.xctest' started at 2026-09-18 01:04:19.043.
Test Suite 'LibraryFoldersTests' started at 2026-09-18 01:04:19.043.
Test Case '-[WriterStorageTests.LibraryFoldersTests testListsOnlySelectedSourceFilesAndRejectsSymlinkEscape]' started.
Test Case '-[WriterStorageTests.LibraryFoldersTests testListsOnlySelectedSourceFilesAndRejectsSymlinkEscape]' passed (0.011 seconds).
Test Case '-[WriterStorageTests.LibraryFoldersTests testSearchReadsCurrentBytesAndReportsDepthLimit]' started.
Test Case '-[WriterStorageTests.LibraryFoldersTests testSearchReadsCurrentBytesAndReportsDepthLimit]' passed (0.011 seconds).
Test Case '-[WriterStorageTests.LibraryFoldersTests testStaleOrDeniedGrantNeverListsAndNeverRenews]' started.
Test Case '-[WriterStorageTests.LibraryFoldersTests testStaleOrDeniedGrantNeverListsAndNeverRenews]' passed (0.000 seconds).
Test Suite 'LibraryFoldersTests' passed at 2026-09-18 01:04:19.065.
	 Executed 3 tests, with 0 failures (0 unexpected) in 0.022 (0.022) seconds
Test Suite 'WriterStoragePackageTests.xctest' passed at 2026-09-18 01:04:19.065.
	 Executed 3 tests, with 0 failures (0 unexpected) in 0.022 (0.022) seconds
Test Suite 'Selected tests' passed at 2026-09-18 01:04:19.065.
	 Executed 3 tests, with 0 failures (0 unexpected) in 0.022 (0.023) seconds
◇ Test run started.
↳ Testing Library Version: 1902
↳ Target Platform: arm64e-apple-macos14.0
✔ Test run with 0 tests in 0 suites passed after 0.001 seconds.
